Gym has been unmaintained since 2022 and does not support NumPy 2.0 amongst other critical functionality.
Please upgrade to Gymnasium, the maintained drop-in replacement of Gym, or contact the authors of your software and request that they upgrade.
Users of this version of Gym should be able to simply replace 'import gym' with 'import gymnasium as gym' in the vast majority of cases.
See the migration guide at https://gymnasium.farama.org/introduction/migration_guide/ for additional information.
[36m[2026-08-31 11:18:48,700][1168660] register_encoder_factory: <function make_vizdoom_encoder at 0x757c870cd7e0>[0m
[33m[2026-08-31 11:18:48,706][1168660] Saved parameter configuration for experiment doom_health_gathering_supreme not found![0m
[33m[2026-08-31 11:18:48,707][1168660] Starting experiment from scratch![0m
[36m[2026-08-31 11:18:48,718][1168660] Experiment dir /home/libing/source/ml/rl/deep-rl-class/notebooks/results/unit8_part2/train_dir/doom_health_gathering_supreme already exists![0m
[36m[2026-08-31 11:18:48,718][1168660] Resuming existing experiment from /home/libing/source/ml/rl/deep-rl-class/notebooks/results/unit8_part2/train_dir/doom_health_gathering_supreme...[0m
[36m[2026-08-31 11:18:48,718][1168660] Weights and Biases integration disabled[0m
[36m[2026-08-31 11:18:49,477][1168660] Queried available GPUs: 0
[0m
[37m[1m[2026-08-31 11:18:49,478][1168660] Environment var CUDA_VISIBLE_DEVICES is 0
[0m
Gym has been unmaintained since 2022 and does not support NumPy 2.0 amongst other critical functionality.
Please upgrade to Gymnasium, the maintained drop-in replacement of Gym, or contact the authors of your software and request that they upgrade.
Users of this version of Gym should be able to simply replace 'import gym' with 'import gymnasium as gym' in the vast majority of cases.
See the migration guide at https://gymnasium.farama.org/introduction/migration_guide/ for additional information.
[36m[2026-08-31 11:18:50,184][1168735] Doom resolution: 160x120, resize resolution: (128, 72)[0m
[36m[2026-08-31 11:18:50,184][1168735] Env info: EnvInfo(obs_space=Dict('obs': Box(0, 255, (3, 72, 128), uint8)), action_space=Discrete(5), num_agents=1, gpu_actions=False, gpu_observations=True, action_splits=None, all_discrete=None, frameskip=4, reward_shaping_scheme=None, env_info_protocol_version=1)[0m
[36m[2026-08-31 11:18:50,332][1168660] Automatically setting recurrence to 32[0m
[36m[2026-08-31 11:18:50,332][1168660] Starting experiment with the following configuration:
help=False
algo=APPO
env=doom_health_gathering_supreme
experiment=doom_health_gathering_supreme
train_dir=/home/libing/source/ml/rl/deep-rl-class/notebooks/results/unit8_part2/train_dir
restart_behavior=resume
device=gpu
seed=None
num_policies=1
async_rl=True
serial_mode=False
batched_sampling=False
num_batches_to_accumulate=2
worker_num_splits=2
policy_workers_per_policy=1
max_policy_lag=1000
num_workers=8
num_envs_per_worker=4
batch_size=1024
num_batches_per_epoch=1
num_epochs=1
rollout=32
recurrence=32
shuffle_minibatches=False
gamma=0.99
reward_scale=1.0
reward_clip=1000.0
value_bootstrap=False
normalize_returns=True
exploration_loss_coeff=0.001
value_loss_coeff=0.5
kl_loss_coeff=0.0
exploration_loss=symmetric_kl
gae_lambda=0.95
ppo_clip_ratio=0.1
ppo_clip_value=0.2
with_vtrace=False
vtrace_rho=1.0
vtrace_c=1.0
optimizer=adam
adam_eps=1e-06
adam_beta1=0.9
adam_beta2=0.999
max_grad_norm=4.0
learning_rate=0.0001
lr_schedule=constant
lr_schedule_kl_threshold=0.008
lr_adaptive_min=1e-06
lr_adaptive_max=0.01
obs_subtract_mean=0.0
obs_scale=255.0
normalize_input=True
normalize_input_keys=None
decorrelate_experience_max_seconds=0
decorrelate_envs_on_one_worker=True
actor_worker_gpus=[]
set_workers_cpu_affinity=True
force_envs_single_thread=False
default_niceness=0
log_to_file=True
experiment_summaries_interval=10
flush_summaries_interval=30
stats_avg=100
summaries_use_frameskip=True
heartbeat_interval=20
heartbeat_reporting_interval=600
train_for_env_steps=4000000
train_for_seconds=10000000000
save_every_sec=120
keep_checkpoints=2
load_checkpoint_kind=latest
save_milestones_sec=-1
save_best_every_sec=5
save_best_metric=reward
save_best_after=100000
benchmark=False
encoder_mlp_layers=[512, 512]
encoder_conv_architecture=convnet_simple
encoder_conv_mlp_layers=[512]
use_rnn=True
rnn_size=512
rnn_type=gru
rnn_num_layers=1
decoder_mlp_layers=[]
nonlinearity=elu
policy_initialization=orthogonal
policy_init_gain=1.0
actor_critic_share_weights=True
adaptive_stddev=True
continuous_tanh_scale=0.0
initial_stddev=1.0
use_env_info_cache=False
env_gpu_actions=False
env_gpu_observations=True
env_frameskip=4
env_framestack=1
pixel_format=CHW
use_record_episode_statistics=False
with_wandb=False
wandb_user=None
wandb_project=sample_factory
wandb_group=None
wandb_job_type=SF
wandb_tags=[]
with_pbt=False
pbt_mix_policies_in_one_env=True
pbt_period_env_steps=5000000
pbt_start_mutation=20000000
pbt_replace_fraction=0.3
pbt_mutation_rate=0.15
pbt_replace_reward_gap=0.1
pbt_replace_reward_gap_absolute=1e-06
pbt_optimize_gamma=False
pbt_target_objective=true_objective
pbt_perturb_min=1.1
pbt_perturb_max=1.5
num_agents=-1
num_humans=0
num_bots=-1
start_bot_difficulty=None
timelimit=None
res_w=128
res_h=72
wide_aspect_ratio=False
eval_env_frameskip=1
fps=35
command_line=--env=doom_health_gathering_supreme --num_workers=8 --num_envs_per_worker=4 --train_for_env_steps=4000000 --train_dir=/home/libing/source/ml/rl/deep-rl-class/notebooks/results/unit8_part2/train_dir --experiment=doom_health_gathering_supreme
cli_args={'env': 'doom_health_gathering_supreme', 'experiment': 'doom_health_gathering_supreme', 'train_dir': '/home/libing/source/ml/rl/deep-rl-class/notebooks/results/unit8_part2/train_dir', 'num_workers': 8, 'num_envs_per_worker': 4, 'train_for_env_steps': 4000000}
git_hash=f8ed470f837e96d11b86d84cc03d9d0be1dc0042
git_repo_name=git@github.com:libing64/deep-rl-class.git[0m
[36m[2026-08-31 11:18:50,332][1168660] Saving configuration to /home/libing/source/ml/rl/deep-rl-class/notebooks/results/unit8_part2/train_dir/doom_health_gathering_supreme/config.json...[0m
[36m[2026-08-31 11:18:50,348][1168660] Rollout worker 0 uses device cpu[0m
[36m[2026-08-31 11:18:50,348][1168660] Rollout worker 1 uses device cpu[0m
[36m[2026-08-31 11:18:50,348][1168660] Rollout worker 2 uses device cpu[0m
[36m[2026-08-31 11:18:50,348][1168660] Rollout worker 3 uses device cpu[0m
[36m[2026-08-31 11:18:50,348][1168660] Rollout worker 4 uses device cpu[0m
[36m[2026-08-31 11:18:50,348][1168660] Rollout worker 5 uses device cpu[0m
[36m[2026-08-31 11:18:50,348][1168660] Rollout worker 6 uses device cpu[0m
[36m[2026-08-31 11:18:50,348][1168660] Rollout worker 7 uses device cpu[0m
[36m[2026-08-31 11:18:50,369][1168660] Using GPUs [0] for process 0 (actually maps to GPUs [0])[0m
[37m[1m[2026-08-31 11:18:50,369][1168660] InferenceWorker_p0-w0: min num requests: 2[0m
[36m[2026-08-31 11:18:50,381][1168660] Starting all processes...[0m
[36m[2026-08-31 11:18:50,381][1168660] Starting process learner_proc0[0m
[36m[2026-08-31 11:18:50,431][1168660] Starting all processes...[0m
[36m[2026-08-31 11:18:50,434][1168660] Starting process inference_proc0-0[0m
[36m[2026-08-31 11:18:50,434][1168660] Starting process rollout_proc0[0m
[36m[2026-08-31 11:18:50,434][1168660] Starting process rollout_proc1[0m
[36m[2026-08-31 11:18:50,437][1168660] Starting process rollout_proc2[0m
[36m[2026-08-31 11:18:50,438][1168660] Starting process rollout_proc3[0m
[36m[2026-08-31 11:18:50,440][1168660] Starting process rollout_proc4[0m
[36m[2026-08-31 11:18:50,442][1168660] Starting process rollout_proc5[0m
[36m[2026-08-31 11:18:50,442][1168660] Starting process rollout_proc6[0m
[36m[2026-08-31 11:18:50,442][1168660] Starting process rollout_proc7[0m
Gym has been unmaintained since 2022 and does not support NumPy 2.0 amongst other critical functionality.
Please upgrade to Gymnasium, the maintained drop-in replacement of Gym, or contact the authors of your software and request that they upgrade.
Users of this version of Gym should be able to simply replace 'import gym' with 'import gymnasium as gym' in the vast majority of cases.
See the migration guide at https://gymnasium.farama.org/introduction/migration_guide/ for additional information.
Gym has been unmaintained since 2022 and does not support NumPy 2.0 amongst other critical functionality.
Please upgrade to Gymnasium, the maintained drop-in replacement of Gym, or contact the authors of your software and request that they upgrade.
Users of this version of Gym should be able to simply replace 'import gym' with 'import gymnasium as gym' in the vast majority of cases.
See the migration guide at https://gymnasium.farama.org/introduction/migration_guide/ for additional information.
Gym has been unmaintained since 2022 and does not support NumPy 2.0 amongst other critical functionality.
Please upgrade to Gymnasium, the maintained drop-in replacement of Gym, or contact the authors of your software and request that they upgrade.
Users of this version of Gym should be able to simply replace 'import gym' with 'import gymnasium as gym' in the vast majority of cases.
See the migration guide at https://gymnasium.farama.org/introduction/migration_guide/ for additional information.
Gym has been unmaintained since 2022 and does not support NumPy 2.0 amongst other critical functionality.
Please upgrade to Gymnasium, the maintained drop-in replacement of Gym, or contact the authors of your software and request that they upgrade.
Users of this version of Gym should be able to simply replace 'import gym' with 'import gymnasium as gym' in the vast majority of cases.
See the migration guide at https://gymnasium.farama.org/introduction/migration_guide/ for additional information.
[36m[2026-08-31 11:18:51,282][1168821] Rollout worker 3 starting...[0m
[37m[1m[2026-08-31 11:18:51,282][1168821] ROLLOUT worker 3	pid 1168821	parent 1168660[0m
[36m[2026-08-31 11:18:51,282][1168821] Worker 3 uses CPU cores [12, 13, 14, 15][0m
[36m[2026-08-31 11:18:51,284][1168817] Rollout worker 0 starting...[0m
[37m[1m[2026-08-31 11:18:51,284][1168817] ROLLOUT worker 0	pid 1168817	parent 1168660[0m
[36m[2026-08-31 11:18:51,284][1168817] Worker 0 uses CPU cores [0, 1, 2, 3][0m
[37m[1m[2026-08-31 11:18:51,295][1168804] LearnerWorker_p0	pid 1168804	parent 1168660[0m
[36m[2026-08-31 11:18:51,295][1168804] Using GPUs [0] for process 0 (actually maps to GPUs [0])[0m
[37m[1m[2026-08-31 11:18:51,295][1168804] Set environment var CUDA_VISIBLE_DEVICES to '0' (GPU indices [0]) for learning process 0[0m
[36m[2026-08-31 11:18:51,301][1168819] Rollout worker 1 starting...[0m
[37m[1m[2026-08-31 11:18:51,301][1168819] ROLLOUT worker 1	pid 1168819	parent 1168660[0m
[36m[2026-08-31 11:18:51,302][1168819] Worker 1 uses CPU cores [4, 5, 6, 7][0m
[36m[2026-08-31 11:18:51,311][1168804] Num visible devices: 1[0m
[37m[1m[2026-08-31 11:18:51,312][1168804] Starting seed is not provided[0m
[36m[2026-08-31 11:18:51,312][1168804] Using GPUs [0] for process 0 (actually maps to GPUs [0])[0m
[36m[2026-08-31 11:18:51,312][1168804] Initializing actor-critic model on device cuda:0[0m
[36m[2026-08-31 11:18:51,312][1168804] RunningMeanStd input shape: (3, 72, 128)[0m
Gym has been unmaintained since 2022 and does not support NumPy 2.0 amongst other critical functionality.
Please upgrade to Gymnasium, the maintained drop-in replacement of Gym, or contact the authors of your software and request that they upgrade.
Users of this version of Gym should be able to simply replace 'import gym' with 'import gymnasium as gym' in the vast majority of cases.
See the migration guide at https://gymnasium.farama.org/introduction/migration_guide/ for additional information.
[36m[2026-08-31 11:18:51,313][1168804] RunningMeanStd input shape: (1,)[0m
[36m[2026-08-31 11:18:51,322][1168804] ConvEncoder: input_channels=3[0m
[36m[2026-08-31 11:18:51,334][1168824] Rollout worker 5 starting...[0m
[37m[1m[2026-08-31 11:18:51,334][1168824] ROLLOUT worker 5	pid 1168824	parent 1168660[0m
[36m[2026-08-31 11:18:51,334][1168824] Worker 5 uses CPU cores [20, 21, 22, 23][0m
Gym has been unmaintained since 2022 and does not support NumPy 2.0 amongst other critical functionality.
Please upgrade to Gymnasium, the maintained drop-in replacement of Gym, or contact the authors of your software and request that they upgrade.
Users of this version of Gym should be able to simply replace 'import gym' with 'import gymnasium as gym' in the vast majority of cases.
See the migration guide at https://gymnasium.farama.org/introduction/migration_guide/ for additional information.
Gym has been unmaintained since 2022 and does not support NumPy 2.0 amongst other critical functionality.
Please upgrade to Gymnasium, the maintained drop-in replacement of Gym, or contact the authors of your software and request that they upgrade.
Users of this version of Gym should be able to simply replace 'import gym' with 'import gymnasium as gym' in the vast majority of cases.
See the migration guide at https://gymnasium.farama.org/introduction/migration_guide/ for additional information.
[36m[2026-08-31 11:18:51,363][1168820] Rollout worker 2 starting...[0m
[37m[1m[2026-08-31 11:18:51,363][1168820] ROLLOUT worker 2	pid 1168820	parent 1168660[0m
[36m[2026-08-31 11:18:51,364][1168820] Worker 2 uses CPU cores [8, 9, 10, 11][0m
[36m[2026-08-31 11:18:51,373][1168823] Rollout worker 7 starting...[0m
[37m[1m[2026-08-31 11:18:51,373][1168823] ROLLOUT worker 7	pid 1168823	parent 1168660[0m
[36m[2026-08-31 11:18:51,373][1168823] Worker 7 uses CPU cores [28, 29, 30, 31][0m
[36m[2026-08-31 11:18:51,374][1168804] Conv encoder output size: 512[0m
[36m[2026-08-31 11:18:51,374][1168804] Policy head output size: 512[0m
[36m[2026-08-31 11:18:51,379][1168804] Created Actor Critic model with architecture:[0m
[36m[2026-08-31 11:18:51,379][1168804] ActorCriticSharedWeights(
  (obs_normalizer): ObservationNormalizer(
    (running_mean_std): RunningMeanStdDictInPlace(
      (running_mean_std): ModuleDict(
        (obs): RunningMeanStdInPlace()
      )
    )
  )
  (returns_normalizer): RecursiveScriptModule(original_name=RunningMeanStdInPlace)
  (encoder): VizdoomEncoder(
    (basic_encoder): ConvEncoder(
      (enc): RecursiveScriptModule(
        original_name=ConvEncoderImpl
        (conv_head): RecursiveScriptModule(
          original_name=Sequential
          (0): RecursiveScriptModule(original_name=Conv2d)
          (1): RecursiveScriptModule(original_name=ELU)
          (2): RecursiveScriptModule(original_name=Conv2d)
          (3): RecursiveScriptModule(original_name=ELU)
          (4): RecursiveScriptModule(original_name=Conv2d)
          (5): RecursiveScriptModule(original_name=ELU)
        )
        (mlp_layers): RecursiveScriptModule(
          original_name=Sequential
          (0): RecursiveScriptModule(original_name=Linear)
          (1): RecursiveScriptModule(original_name=ELU)
        )
      )
    )
  )
  (core): ModelCoreRNN(
    (core): GRU(512, 512)
  )
  (decoder): MlpDecoder(
    (mlp): Identity()
  )
  (critic_linear): Linear(in_features=512, out_features=1, bias=True)
  (action_parameterization): ActionParameterizationDefault(
    (distribution_linear): Linear(in_features=512, out_features=5, bias=True)
  )
)[0m
Gym has been unmaintained since 2022 and does not support NumPy 2.0 amongst other critical functionality.
Please upgrade to Gymnasium, the maintained drop-in replacement of Gym, or contact the authors of your software and request that they upgrade.
Users of this version of Gym should be able to simply replace 'import gym' with 'import gymnasium as gym' in the vast majority of cases.
See the migration guide at https://gymnasium.farama.org/introduction/migration_guide/ for additional information.
[37m[1m[2026-08-31 11:18:51,401][1168818] InferenceWorker_p0-w0	pid 1168818	parent 1168660[0m
[36m[2026-08-31 11:18:51,401][1168818] Using GPUs [0] for process 0 (actually maps to GPUs [0])[0m
[37m[1m[2026-08-31 11:18:51,401][1168818] Set environment var CUDA_VISIBLE_DEVICES to '0' (GPU indices [0]) for inference process 0[0m
[36m[2026-08-31 11:18:51,423][1168818] Num visible devices: 1[0m
Gym has been unmaintained since 2022 and does not support NumPy 2.0 amongst other critical functionality.
Please upgrade to Gymnasium, the maintained drop-in replacement of Gym, or contact the authors of your software and request that they upgrade.
Users of this version of Gym should be able to simply replace 'import gym' with 'import gymnasium as gym' in the vast majority of cases.
See the migration guide at https://gymnasium.farama.org/introduction/migration_guide/ for additional information.
Gym has been unmaintained since 2022 and does not support NumPy 2.0 amongst other critical functionality.
Please upgrade to Gymnasium, the maintained drop-in replacement of Gym, or contact the authors of your software and request that they upgrade.
Users of this version of Gym should be able to simply replace 'import gym' with 'import gymnasium as gym' in the vast majority of cases.
See the migration guide at https://gymnasium.farama.org/introduction/migration_guide/ for additional information.
[36m[2026-08-31 11:18:51,446][1168822] Rollout worker 4 starting...[0m
[37m[1m[2026-08-31 11:18:51,446][1168822] ROLLOUT worker 4	pid 1168822	parent 1168660[0m
[36m[2026-08-31 11:18:51,446][1168822] Worker 4 uses CPU cores [16, 17, 18, 19][0m
[36m[2026-08-31 11:18:51,463][1168825] Rollout worker 6 starting...[0m
[37m[1m[2026-08-31 11:18:51,463][1168825] ROLLOUT worker 6	pid 1168825	parent 1168660[0m
[36m[2026-08-31 11:18:51,463][1168825] Worker 6 uses CPU cores [24, 25, 26, 27][0m
[36m[2026-08-31 11:18:51,493][1168804] Using optimizer <class 'torch.optim.adam.Adam'>[0m
[33m[2026-08-31 11:18:51,834][1168804] No checkpoints found[0m
[36m[2026-08-31 11:18:51,834][1168804] Did not load from checkpoint, starting from scratch![0m
[36m[2026-08-31 11:18:51,834][1168804] Initialized policy 0 weights for model version 0[0m
[36m[2026-08-31 11:18:51,834][1168804] LearnerWorker_p0 finished initialization![0m
[36m[2026-08-31 11:18:51,835][1168804] Using GPUs [0] for process 0 (actually maps to GPUs [0])[0m
[36m[2026-08-31 11:18:51,912][1168818] RunningMeanStd input shape: (3, 72, 128)[0m
[36m[2026-08-31 11:18:51,913][1168818] RunningMeanStd input shape: (1,)[0m
[36m[2026-08-31 11:18:51,917][1168818] ConvEncoder: input_channels=3[0m
[36m[2026-08-31 11:18:51,953][1168818] Conv encoder output size: 512[0m
[36m[2026-08-31 11:18:51,953][1168818] Policy head output size: 512[0m
[37m[1m[2026-08-31 11:18:51,969][1168660] Inference worker 0-0 is ready![0m
[37m[1m[2026-08-31 11:18:51,969][1168660] All inference workers are ready! Signal rollout workers to start![0m
[36m[2026-08-31 11:18:51,977][1168821] Doom resolution: 160x120, resize resolution: (128, 72)[0m
[36m[2026-08-31 11:18:51,977][1168817] Doom resolution: 160x120, resize resolution: (128, 72)[0m
[36m[2026-08-31 11:18:51,977][1168819] Doom resolution: 160x120, resize resolution: (128, 72)[0m
[36m[2026-08-31 11:18:51,977][1168820] Doom resolution: 160x120, resize resolution: (128, 72)[0m
[36m[2026-08-31 11:18:51,980][1168822] Doom resolution: 160x120, resize resolution: (128, 72)[0m
[36m[2026-08-31 11:18:51,980][1168824] Doom resolution: 160x120, resize resolution: (128, 72)[0m
[36m[2026-08-31 11:18:51,980][1168825] Doom resolution: 160x120, resize resolution: (128, 72)[0m
[36m[2026-08-31 11:18:51,980][1168823] Doom resolution: 160x120, resize resolution: (128, 72)[0m
Failed to create ./_vizdoom/ directory:
File exists
Failed to create ./_vizdoom/ directory:
File exists
[37m[1m[2026-08-31 11:18:52,131][1168819] Decorrelating experience for 0 frames...[0m
[37m[1m[2026-08-31 11:18:52,164][1168822] Decorrelating experience for 0 frames...[0m
[37m[1m[2026-08-31 11:18:52,164][1168825] Decorrelating experience for 0 frames...[0m
[37m[1m[2026-08-31 11:18:52,164][1168824] Decorrelating experience for 0 frames...[0m
[37m[1m[2026-08-31 11:18:52,234][1168819] Decorrelating experience for 32 frames...[0m
[37m[1m[2026-08-31 11:18:52,240][1168817] Decorrelating experience for 0 frames...[0m
[37m[1m[2026-08-31 11:18:52,329][1168822] Decorrelating experience for 32 frames...[0m
[37m[1m[2026-08-31 11:18:52,342][1168817] Decorrelating experience for 32 frames...[0m
[37m[1m[2026-08-31 11:18:52,510][1168822] Decorrelating experience for 64 frames...[0m
[37m[1m[2026-08-31 11:18:53,304][1168822] Decorrelating experience for 96 frames...[0m
[37m[1m[2026-08-31 11:18:53,407][1168819] Decorrelating experience for 64 frames...[0m
[37m[1m[2026-08-31 11:18:53,522][1168819] Decorrelating experience for 96 frames...[0m
[37m[1m[2026-08-31 11:18:53,719][1168823] Decorrelating experience for 0 frames...[0m
[36m[2026-08-31 11:18:53,720][1168660] Fps is (10 sec: nan, 60 sec: nan, 300 sec: nan). Total num frames: 0. Throughput: 0: nan. Samples: 0. Policy #0 lag: (min: -1.0, avg: -1.0, max: -1.0)[0m
[36m[2026-08-31 11:18:53,720][1168660] Avg episode reward: [(0, '0.645')][0m
[37m[1m[2026-08-31 11:18:53,885][1168823] Decorrelating experience for 32 frames...[0m
[37m[1m[2026-08-31 11:18:54,068][1168823] Decorrelating experience for 64 frames...[0m
[37m[1m[2026-08-31 11:18:54,255][1168823] Decorrelating experience for 96 frames...[0m
[37m[1m[2026-08-31 11:18:54,304][1168824] Decorrelating experience for 32 frames...[0m
[36m[2026-08-31 11:18:54,417][1168804] Signal inference workers to stop experience collection...[0m
[37m[1m[2026-08-31 11:18:54,419][1168817] Decorrelating experience for 64 frames...[0m
[36m[2026-08-31 11:18:54,420][1168818] InferenceWorker_p0-w0: stopping experience collection[0m
/home/libing/.conda/envs/deep-rl-class/lib/python3.10/site-packages/sample_factory/algo/learning/learner.py:739: UserWarning: Converting a tensor with requires_grad=True to a scalar may lead to unexpected behavior.
Consider using tensor.detach() first. (Triggered internally at /pytorch/torch/csrc/autograd/generated/python_variable_methods.cpp:836.)
  epoch_actor_losses[batch_num] = float(actor_loss)
[37m[1m[2026-08-31 11:18:54,486][1168824] Decorrelating experience for 64 frames...[0m
[37m[1m[2026-08-31 11:18:54,533][1168817] Decorrelating experience for 96 frames...[0m
[37m[1m[2026-08-31 11:18:54,605][1168825] Decorrelating experience for 32 frames...[0m
[37m[1m[2026-08-31 11:18:54,673][1168824] Decorrelating experience for 96 frames...[0m
[37m[1m[2026-08-31 11:18:54,787][1168825] Decorrelating experience for 64 frames...[0m
[36m[2026-08-31 11:18:54,843][1168804] Signal inference workers to resume experience collection...[0m
[36m[2026-08-31 11:18:54,843][1168818] InferenceWorker_p0-w0: resuming experience collection[0m
[37m[1m[2026-08-31 11:18:54,972][1168825] Decorrelating experience for 96 frames...[0m
[37m[1m[2026-08-31 11:18:55,840][1168818] Updated weights for policy 0, policy_version 10 (0.0043)[0m
[37m[1m[2026-08-31 11:18:56,765][1168818] Updated weights for policy 0, policy_version 20 (0.0003)[0m
[37m[1m[2026-08-31 11:18:57,658][1168818] Updated weights for policy 0, policy_version 30 (0.0003)[0m
[37m[1m[2026-08-31 11:18:58,664][1168818] Updated weights for policy 0, policy_version 40 (0.0004)[0m
[36m[2026-08-31 11:18:58,720][1168660] Fps is (10 sec: 32767.8, 60 sec: 32767.8, 300 sec: 32767.8). Total num frames: 163840. Throughput: 0: 6936.8. Samples: 34684. Policy #0 lag: (min: 0.0, avg: 0.4, max: 1.0)[0m
[36m[2026-08-31 11:18:58,720][1168660] Avg episode reward: [(0, '4.445')][0m
[37m[1m[2026-08-31 11:18:58,746][1168804] Saving new best policy, reward=4.445![0m
[37m[1m[2026-08-31 11:18:59,556][1168818] Updated weights for policy 0, policy_version 50 (0.0003)[0m
[37m[1m[2026-08-31 11:19:00,441][1168818] Updated weights for policy 0, policy_version 60 (0.0003)[0m
[37m[1m[2026-08-31 11:19:01,339][1168818] Updated weights for policy 0, policy_version 70 (0.0003)[0m
[37m[1m[2026-08-31 11:19:02,227][1168818] Updated weights for policy 0, policy_version 80 (0.0003)[0m
[37m[1m[2026-08-31 11:19:03,122][1168818] Updated weights for policy 0, policy_version 90 (0.0003)[0m
[36m[2026-08-31 11:19:03,720][1168660] Fps is (10 sec: 39321.3, 60 sec: 39321.3, 300 sec: 39321.3). Total num frames: 393216. Throughput: 0: 6806.0. Samples: 68060. Policy #0 lag: (min: 0.0, avg: 0.6, max: 1.0)[0m
[36m[2026-08-31 11:19:03,720][1168660] Avg episode reward: [(0, '4.579')][0m
[37m[1m[2026-08-31 11:19:03,738][1168804] Saving new best policy, reward=4.579![0m
[37m[1m[2026-08-31 11:19:04,015][1168818] Updated weights for policy 0, policy_version 100 (0.0003)[0m
[37m[1m[2026-08-31 11:19:04,907][1168818] Updated weights for policy 0, policy_version 110 (0.0003)[0m
[37m[1m[2026-08-31 11:19:05,793][1168818] Updated weights for policy 0, policy_version 120 (0.0003)[0m
[37m[1m[2026-08-31 11:19:06,678][1168818] Updated weights for policy 0, policy_version 130 (0.0003)[0m
[37m[1m[2026-08-31 11:19:07,577][1168818] Updated weights for policy 0, policy_version 140 (0.0003)[0m
[37m[1m[2026-08-31 11:19:08,468][1168818] Updated weights for policy 0, policy_version 150 (0.0003)[0m
[36m[2026-08-31 11:19:08,720][1168660] Fps is (10 sec: 45875.0, 60 sec: 41505.9, 300 sec: 41505.9). Total num frames: 622592. Throughput: 0: 9125.7. Samples: 136886. Policy #0 lag: (min: 0.0, avg: 0.5, max: 1.0)[0m
[36m[2026-08-31 11:19:08,720][1168660] Avg episode reward: [(0, '4.840')][0m
[37m[1m[2026-08-31 11:19:08,736][1168804] Saving new best policy, reward=4.840![0m
[37m[1m[2026-08-31 11:19:09,335][1168818] Updated weights for policy 0, policy_version 160 (0.0003)[0m
[37m[1m[2026-08-31 11:19:10,220][1168818] Updated weights for policy 0, policy_version 170 (0.0003)[0m
[37m[1m[2026-08-31 11:19:10,365][1168660] Heartbeat connected on Batcher_0[0m
[37m[1m[2026-08-31 11:19:10,367][1168660] Heartbeat connected on LearnerWorker_p0[0m
[37m[1m[2026-08-31 11:19:10,370][1168660] Heartbeat connected on InferenceWorker_p0-w0[0m
[37m[1m[2026-08-31 11:19:10,371][1168660] Heartbeat connected on RolloutWorker_w0[0m
[37m[1m[2026-08-31 11:19:10,373][1168660] Heartbeat connected on RolloutWorker_w1[0m
[37m[1m[2026-08-31 11:19:10,378][1168660] Heartbeat connected on RolloutWorker_w4[0m
[37m[1m[2026-08-31 11:19:10,379][1168660] Heartbeat connected on RolloutWorker_w5[0m
[37m[1m[2026-08-31 11:19:10,380][1168660] Heartbeat connected on RolloutWorker_w6[0m
[37m[1m[2026-08-31 11:19:10,382][1168660] Heartbeat connected on RolloutWorker_w7[0m
[37m[1m[2026-08-31 11:19:11,113][1168818] Updated weights for policy 0, policy_version 180 (0.0003)[0m
[37m[1m[2026-08-31 11:19:12,008][1168818] Updated weights for policy 0, policy_version 190 (0.0003)[0m
[37m[1m[2026-08-31 11:19:12,879][1168818] Updated weights for policy 0, policy_version 200 (0.0003)[0m
[36m[2026-08-31 11:19:13,720][1168660] Fps is (10 sec: 46284.7, 60 sec: 42803.0, 300 sec: 42803.0). Total num frames: 856064. Throughput: 0: 10320.1. Samples: 206402. Policy #0 lag: (min: 0.0, avg: 0.6, max: 2.0)[0m
[36m[2026-08-31 11:19:13,720][1168660] Avg episode reward: [(0, '6.426')][0m
[37m[1m[2026-08-31 11:19:13,720][1168804] Saving new best policy, reward=6.426![0m
[37m[1m[2026-08-31 11:19:13,766][1168818] Updated weights for policy 0, policy_version 210 (0.0003)[0m
[37m[1m[2026-08-31 11:19:14,653][1168818] Updated weights for policy 0, policy_version 220 (0.0003)[0m
[37m[1m[2026-08-31 11:19:15,536][1168818] Updated weights for policy 0, policy_version 230 (0.0003)[0m
[37m[1m[2026-08-31 11:19:16,434][1168818] Updated weights for policy 0, policy_version 240 (0.0003)[0m
[37m[1m[2026-08-31 11:19:17,309][1168818] Updated weights for policy 0, policy_version 250 (0.0003)[0m
[37m[1m[2026-08-31 11:19:18,215][1168818] Updated weights for policy 0, policy_version 260 (0.0003)[0m
[36m[2026-08-31 11:19:18,720][1168660] Fps is (10 sec: 46284.4, 60 sec: 43417.3, 300 sec: 43417.3). Total num frames: 1085440. Throughput: 0: 9640.0. Samples: 241002. Policy #0 lag: (min: 0.0, avg: 0.5, max: 1.0)[0m
[36m[2026-08-31 11:19:18,720][1168660] Avg episode reward: [(0, '10.279')][0m
[37m[1m[2026-08-31 11:19:18,747][1168804] Saving new best policy, reward=10.279![0m
[37m[1m[2026-08-31 11:19:19,103][1168818] Updated weights for policy 0, policy_version 270 (0.0003)[0m
[37m[1m[2026-08-31 11:19:19,990][1168818] Updated weights for policy 0, policy_version 280 (0.0003)[0m
[37m[1m[2026-08-31 11:19:20,877][1168818] Updated weights for policy 0, policy_version 290 (0.0003)[0m
[37m[1m[2026-08-31 11:19:21,772][1168818] Updated weights for policy 0, policy_version 300 (0.0003)[0m
[37m[1m[2026-08-31 11:19:22,649][1168818] Updated weights for policy 0, policy_version 310 (0.0003)[0m
[37m[1m[2026-08-31 11:19:23,537][1168818] Updated weights for policy 0, policy_version 320 (0.0003)[0m
[36m[2026-08-31 11:19:23,720][1168660] Fps is (10 sec: 46285.2, 60 sec: 43963.7, 300 sec: 43963.7). Total num frames: 1318912. Throughput: 0: 10336.6. Samples: 310098. Policy #0 lag: (min: 0.0, avg: 0.4, max: 1.0)[0m
[36m[2026-08-31 11:19:23,720][1168660] Avg episode reward: [(0, '13.215')][0m
[37m[1m[2026-08-31 11:19:23,720][1168804] Saving new best policy, reward=13.215![0m
[37m[1m[2026-08-31 11:19:24,428][1168818] Updated weights for policy 0, policy_version 330 (0.0003)[0m
[37m[1m[2026-08-31 11:19:25,309][1168818] Updated weights for policy 0, policy_version 340 (0.0003)[0m
[37m[1m[2026-08-31 11:19:26,192][1168818] Updated weights for policy 0, policy_version 350 (0.0003)[0m
[37m[1m[2026-08-31 11:19:27,082][1168818] Updated weights for policy 0, policy_version 360 (0.0003)[0m
[37m[1m[2026-08-31 11:19:27,959][1168818] Updated weights for policy 0, policy_version 370 (0.0003)[0m
[36m[2026-08-31 11:19:28,720][1168660] Fps is (10 sec: 46285.1, 60 sec: 44236.7, 300 sec: 44236.7). Total num frames: 1548288. Throughput: 0: 10841.7. Samples: 379460. Policy #0 lag: (min: 0.0, avg: 0.4, max: 2.0)[0m
[36m[2026-08-31 11:19:28,720][1168660] Avg episode reward: [(0, '18.732')][0m
[37m[1m[2026-08-31 11:19:28,751][1168804] Saving new best policy, reward=18.732![0m
[37m[1m[2026-08-31 11:19:28,839][1168818] Updated weights for policy 0, policy_version 380 (0.0003)[0m
[37m[1m[2026-08-31 11:19:29,738][1168818] Updated weights for policy 0, policy_version 390 (0.0003)[0m
[37m[1m[2026-08-31 11:19:30,610][1168818] Updated weights for policy 0, policy_version 400 (0.0003)[0m
[37m[1m[2026-08-31 11:19:31,494][1168818] Updated weights for policy 0, policy_version 410 (0.0003)[0m
[37m[1m[2026-08-31 11:19:32,381][1168818] Updated weights for policy 0, policy_version 420 (0.0003)[0m
[37m[1m[2026-08-31 11:19:33,263][1168818] Updated weights for policy 0, policy_version 430 (0.0003)[0m
[36m[2026-08-31 11:19:33,720][1168660] Fps is (10 sec: 46284.7, 60 sec: 44544.0, 300 sec: 44544.0). Total num frames: 1781760. Throughput: 0: 10355.7. Samples: 414228. Policy #0 lag: (min: 0.0, avg: 0.5, max: 1.0)[0m
[36m[2026-08-31 11:19:33,720][1168660] Avg episode reward: [(0, '16.655')][0m
[37m[1m[2026-08-31 11:19:34,147][1168818] Updated weights for policy 0, policy_version 440 (0.0003)[0m
[37m[1m[2026-08-31 11:19:35,034][1168818] Updated weights for policy 0, policy_version 450 (0.0003)[0m
[37m[1m[2026-08-31 11:19:35,925][1168818] Updated weights for policy 0, policy_version 460 (0.0003)[0m
[37m[1m[2026-08-31 11:19:36,822][1168818] Updated weights for policy 0, policy_version 470 (0.0003)[0m
[37m[1m[2026-08-31 11:19:37,699][1168818] Updated weights for policy 0, policy_version 480 (0.0003)[0m
[37m[1m[2026-08-31 11:19:38,581][1168818] Updated weights for policy 0, policy_version 490 (0.0003)[0m
[36m[2026-08-31 11:19:38,720][1168660] Fps is (10 sec: 46285.0, 60 sec: 44691.8, 300 sec: 44691.8). Total num frames: 2011136. Throughput: 0: 10749.1. Samples: 483708. Policy #0 lag: (min: 0.0, avg: 0.5, max: 2.0)[0m
[36m[2026-08-31 11:19:38,720][1168660] Avg episode reward: [(0, '18.387')][0m
[37m[1m[2026-08-31 11:19:39,483][1168818] Updated weights for policy 0, policy_version 500 (0.0003)[0m
[37m[1m[2026-08-31 11:19:40,371][1168818] Updated weights for policy 0, policy_version 510 (0.0003)[0m
[37m[1m[2026-08-31 11:19:41,243][1168818] Updated weights for policy 0, policy_version 520 (0.0003)[0m
[37m[1m[2026-08-31 11:19:42,146][1168818] Updated weights for policy 0, policy_version 530 (0.0003)[0m
[37m[1m[2026-08-31 11:19:43,015][1168818] Updated weights for policy 0, policy_version 540 (0.0003)[0m
[36m[2026-08-31 11:19:43,720][1168660] Fps is (10 sec: 45875.3, 60 sec: 44810.2, 300 sec: 44810.2). Total num frames: 2240512. Throughput: 0: 11517.5. Samples: 552972. Policy #0 lag: (min: 0.0, avg: 0.4, max: 1.0)[0m
[36m[2026-08-31 11:19:43,720][1168660] Avg episode reward: [(0, '20.822')][0m
[37m[1m[2026-08-31 11:19:43,735][1168804] Saving new best policy, reward=20.822![0m
[37m[1m[2026-08-31 11:19:43,900][1168818] Updated weights for policy 0, policy_version 550 (0.0003)[0m
[37m[1m[2026-08-31 11:19:44,796][1168818] Updated weights for policy 0, policy_version 560 (0.0003)[0m
[37m[1m[2026-08-31 11:19:45,676][1168818] Updated weights for policy 0, policy_version 570 (0.0003)[0m
[37m[1m[2026-08-31 11:19:46,549][1168818] Updated weights for policy 0, policy_version 580 (0.0003)[0m
[37m[1m[2026-08-31 11:19:47,444][1168818] Updated weights for policy 0, policy_version 590 (0.0003)[0m
[37m[1m[2026-08-31 11:19:48,339][1168818] Updated weights for policy 0, policy_version 600 (0.0003)[0m
[36m[2026-08-31 11:19:48,720][1168660] Fps is (10 sec: 46284.6, 60 sec: 44981.4, 300 sec: 44981.4). Total num frames: 2473984. Throughput: 0: 11547.6. Samples: 587704. Policy #0 lag: (min: 0.0, avg: 0.4, max: 1.0)[0m
[36m[2026-08-31 11:19:48,720][1168660] Avg episode reward: [(0, '24.370')][0m
[37m[1m[2026-08-31 11:19:48,761][1168804] Saving new best policy, reward=24.370![0m
[37m[1m[2026-08-31 11:19:49,200][1168818] Updated weights for policy 0, policy_version 610 (0.0003)[0m
[37m[1m[2026-08-31 11:19:50,097][1168818] Updated weights for policy 0, policy_version 620 (0.0003)[0m
[37m[1m[2026-08-31 11:19:50,992][1168818] Updated weights for policy 0, policy_version 630 (0.0003)[0m
[37m[1m[2026-08-31 11:19:51,862][1168818] Updated weights for policy 0, policy_version 640 (0.0003)[0m
[37m[1m[2026-08-31 11:19:52,759][1168818] Updated weights for policy 0, policy_version 650 (0.0003)[0m
[37m[1m[2026-08-31 11:19:53,654][1168818] Updated weights for policy 0, policy_version 660 (0.0003)[0m
[36m[2026-08-31 11:19:53,720][1168660] Fps is (10 sec: 46284.7, 60 sec: 45056.0, 300 sec: 45056.0). Total num frames: 2703360. Throughput: 0: 11558.9. Samples: 657036. Policy #0 lag: (min: 0.0, avg: 0.4, max: 1.0)[0m
[36m[2026-08-31 11:19:53,720][1168660] Avg episode reward: [(0, '18.254')][0m
[37m[1m[2026-08-31 11:19:54,528][1168818] Updated weights for policy 0, policy_version 670 (0.0003)[0m
[37m[1m[2026-08-31 11:19:55,409][1168818] Updated weights for policy 0, policy_version 680 (0.0003)[0m
[37m[1m[2026-08-31 11:19:56,304][1168818] Updated weights for policy 0, policy_version 690 (0.0003)[0m
[37m[1m[2026-08-31 11:19:57,172][1168818] Updated weights for policy 0, policy_version 700 (0.0003)[0m
[37m[1m[2026-08-31 11:19:58,059][1168818] Updated weights for policy 0, policy_version 710 (0.0003)[0m
[36m[2026-08-31 11:19:58,720][1168660] Fps is (10 sec: 46284.9, 60 sec: 46216.5, 300 sec: 45182.0). Total num frames: 2936832. Throughput: 0: 11556.5. Samples: 726444. Policy #0 lag: (min: 0.0, avg: 0.5, max: 1.0)[0m
[36m[2026-08-31 11:19:58,720][1168660] Avg episode reward: [(0, '22.086')][0m
[37m[1m[2026-08-31 11:19:58,948][1168818] Updated weights for policy 0, policy_version 720 (0.0003)[0m
[37m[1m[2026-08-31 11:19:59,813][1168818] Updated weights for policy 0, policy_version 730 (0.0003)[0m
[37m[1m[2026-08-31 11:20:00,703][1168818] Updated weights for policy 0, policy_version 740 (0.0003)[0m
[37m[1m[2026-08-31 11:20:01,596][1168818] Updated weights for policy 0, policy_version 750 (0.0003)[0m
[37m[1m[2026-08-31 11:20:02,472][1168818] Updated weights for policy 0, policy_version 760 (0.0003)[0m
[37m[1m[2026-08-31 11:20:03,343][1168818] Updated weights for policy 0, policy_version 770 (0.0003)[0m
[36m[2026-08-31 11:20:03,720][1168660] Fps is (10 sec: 46694.5, 60 sec: 46284.8, 300 sec: 45290.0). Total num frames: 3170304. Throughput: 0: 11562.2. Samples: 761298. Policy #0 lag: (min: 0.0, avg: 0.4, max: 1.0)[0m
[36m[2026-08-31 11:20:03,720][1168660] Avg episode reward: [(0, '22.838')][0m
[37m[1m[2026-08-31 11:20:04,237][1168818] Updated weights for policy 0, policy_version 780 (0.0003)[0m
[37m[1m[2026-08-31 11:20:05,121][1168818] Updated weights for policy 0, policy_version 790 (0.0003)[0m
[37m[1m[2026-08-31 11:20:05,992][1168818] Updated weights for policy 0, policy_version 800 (0.0003)[0m
[37m[1m[2026-08-31 11:20:06,881][1168818] Updated weights for policy 0, policy_version 810 (0.0003)[0m
[37m[1m[2026-08-31 11:20:07,768][1168818] Updated weights for policy 0, policy_version 820 (0.0003)[0m
[37m[1m[2026-08-31 11:20:08,634][1168818] Updated weights for policy 0, policy_version 830 (0.0003)[0m
[36m[2026-08-31 11:20:08,720][1168660] Fps is (10 sec: 46285.1, 60 sec: 46284.8, 300 sec: 45329.0). Total num frames: 3399680. Throughput: 0: 11574.1. Samples: 830932. Policy #0 lag: (min: 0.0, avg: 0.5, max: 1.0)[0m
[36m[2026-08-31 11:20:08,720][1168660] Avg episode reward: [(0, '25.632')][0m
[37m[1m[2026-08-31 11:20:08,736][1168804] Saving new best policy, reward=25.632![0m
[37m[1m[2026-08-31 11:20:09,528][1168818] Updated weights for policy 0, policy_version 840 (0.0003)[0m
[37m[1m[2026-08-31 11:20:10,417][1168818] Updated weights for policy 0, policy_version 850 (0.0003)[0m
[37m[1m[2026-08-31 11:20:11,297][1168818] Updated weights for policy 0, policy_version 860 (0.0003)[0m
[37m[1m[2026-08-31 11:20:12,187][1168818] Updated weights for policy 0, policy_version 870 (0.0003)[0m
[37m[1m[2026-08-31 11:20:13,068][1168818] Updated weights for policy 0, policy_version 880 (0.0003)[0m
[36m[2026-08-31 11:20:13,720][1168660] Fps is (10 sec: 46284.3, 60 sec: 46284.8, 300 sec: 45414.3). Total num frames: 3633152. Throughput: 0: 11578.3. Samples: 900486. Policy #0 lag: (min: 0.0, avg: 0.3, max: 1.0)[0m
[36m[2026-08-31 11:20:13,720][1168660] Avg episode reward: [(0, '24.877')][0m
[37m[1m[2026-08-31 11:20:13,942][1168818] Updated weights for policy 0, policy_version 890 (0.0003)[0m
[37m[1m[2026-08-31 11:20:14,843][1168818] Updated weights for policy 0, policy_version 900 (0.0003)[0m
[37m[1m[2026-08-31 11:20:15,708][1168818] Updated weights for policy 0, policy_version 910 (0.0003)[0m
[37m[1m[2026-08-31 11:20:16,584][1168818] Updated weights for policy 0, policy_version 920 (0.0003)[0m
[37m[1m[2026-08-31 11:20:17,469][1168818] Updated weights for policy 0, policy_version 930 (0.0003)[0m
[37m[1m[2026-08-31 11:20:18,337][1168818] Updated weights for policy 0, policy_version 940 (0.0003)[0m
[36m[2026-08-31 11:20:18,720][1168660] Fps is (10 sec: 46693.9, 60 sec: 46353.1, 300 sec: 45489.6). Total num frames: 3866624. Throughput: 0: 11581.1. Samples: 935380. Policy #0 lag: (min: 0.0, avg: 0.5, max: 2.0)[0m
[36m[2026-08-31 11:20:18,720][1168660] Avg episode reward: [(0, '25.258')][0m
[37m[1m[2026-08-31 11:20:19,235][1168818] Updated weights for policy 0, policy_version 950 (0.0003)[0m
[37m[1m[2026-08-31 11:20:20,122][1168818] Updated weights for policy 0, policy_version 960 (0.0003)[0m
[37m[1m[2026-08-31 11:20:21,003][1168818] Updated weights for policy 0, policy_version 970 (0.0003)[0m
[37m[1m[2026-08-31 11:20:21,707][1168804] Saving /home/libing/source/ml/rl/deep-rl-class/notebooks/results/unit8_part2/train_dir/doom_health_gathering_supreme/checkpoint_p0/checkpoint_000000978_4005888.pth...[0m
[36m[2026-08-31 11:20:21,708][1168804] Stopping Batcher_0...[0m
[36m[2026-08-31 11:20:21,708][1168660] Component Batcher_0 stopped![0m
[33m[2026-08-31 11:20:21,708][1168660] Component RolloutWorker_w2 process died already! Don't wait for it.[0m
[33m[2026-08-31 11:20:21,708][1168660] Component RolloutWorker_w3 process died already! Don't wait for it.[0m
[36m[2026-08-31 11:20:21,709][1168804] Loop batcher_evt_loop terminating...[0m
[36m[2026-08-31 11:20:21,715][1168818] Weights refcount: 2 0[0m
[36m[2026-08-31 11:20:21,716][1168818] Stopping InferenceWorker_p0-w0...[0m
[36m[2026-08-31 11:20:21,716][1168818] Loop inference_proc0-0_evt_loop terminating...[0m
[36m[2026-08-31 11:20:21,716][1168660] Component InferenceWorker_p0-w0 stopped![0m
[36m[2026-08-31 11:20:21,733][1168819] Stopping RolloutWorker_w1...[0m
[36m[2026-08-31 11:20:21,733][1168660] Component RolloutWorker_w1 stopped![0m
[36m[2026-08-31 11:20:21,733][1168819] Loop rollout_proc1_evt_loop terminating...[0m
[36m[2026-08-31 11:20:21,733][1168660] Component RolloutWorker_w0 stopped![0m
[36m[2026-08-31 11:20:21,733][1168817] Stopping RolloutWorker_w0...[0m
[36m[2026-08-31 11:20:21,733][1168817] Loop rollout_proc0_evt_loop terminating...[0m
[37m[1m[2026-08-31 11:20:21,735][1168804] Saving /home/libing/source/ml/rl/deep-rl-class/notebooks/results/unit8_part2/train_dir/doom_health_gathering_supreme/checkpoint_p0/checkpoint_000000978_4005888.pth...[0m
[36m[2026-08-31 11:20:21,739][1168660] Component RolloutWorker_w5 stopped![0m
[36m[2026-08-31 11:20:21,739][1168824] Stopping RolloutWorker_w5...[0m
[36m[2026-08-31 11:20:21,739][1168824] Loop rollout_proc5_evt_loop terminating...[0m
[36m[2026-08-31 11:20:21,740][1168660] Component RolloutWorker_w4 stopped![0m
[36m[2026-08-31 11:20:21,740][1168822] Stopping RolloutWorker_w4...[0m
[36m[2026-08-31 11:20:21,741][1168822] Loop rollout_proc4_evt_loop terminating...[0m
[36m[2026-08-31 11:20:21,741][1168660] Component RolloutWorker_w6 stopped![0m
[36m[2026-08-31 11:20:21,741][1168660] Component RolloutWorker_w7 stopped![0m
[36m[2026-08-31 11:20:21,741][1168825] Stopping RolloutWorker_w6...[0m
[36m[2026-08-31 11:20:21,741][1168823] Stopping RolloutWorker_w7...[0m
[36m[2026-08-31 11:20:21,741][1168825] Loop rollout_proc6_evt_loop terminating...[0m
[36m[2026-08-31 11:20:21,741][1168823] Loop rollout_proc7_evt_loop terminating...[0m
[36m[2026-08-31 11:20:21,770][1168804] Stopping LearnerWorker_p0...[0m
[36m[2026-08-31 11:20:21,770][1168660] Component LearnerWorker_p0 stopped![0m
[36m[2026-08-31 11:20:21,771][1168804] Loop learner_proc0_evt_loop terminating...[0m
[36m[2026-08-31 11:20:21,771][1168660] Waiting for process learner_proc0 to stop...[0m
[36m[2026-08-31 11:20:22,323][1168660] Waiting for process inference_proc0-0 to join...[0m
[36m[2026-08-31 11:20:22,323][1168660] Waiting for process rollout_proc0 to join...[0m
[36m[2026-08-31 11:20:22,323][1168660] Waiting for process rollout_proc1 to join...[0m
[36m[2026-08-31 11:20:22,323][1168660] Waiting for process rollout_proc2 to join...[0m
[36m[2026-08-31 11:20:22,323][1168660] Waiting for process rollout_proc3 to join...[0m
[36m[2026-08-31 11:20:22,323][1168660] Waiting for process rollout_proc4 to join...[0m
[36m[2026-08-31 11:20:22,323][1168660] Waiting for process rollout_proc5 to join...[0m
[36m[2026-08-31 11:20:22,323][1168660] Waiting for process rollout_proc6 to join...[0m
[36m[2026-08-31 11:20:22,323][1168660] Waiting for process rollout_proc7 to join...[0m
[37m[1m[2026-08-31 11:20:22,323][1168660] Batcher 0 profile tree view:
batching: 6.8863, releasing_batches: 0.0098[0m
[37m[1m[2026-08-31 11:20:22,324][1168660] InferenceWorker_p0-w0 profile tree view:
wait_policy: 0.0000
  wait_policy_total: 2.4755
update_model: 1.0716
  weight_update: 0.0003
one_step: 0.0007
  handle_policy_step: 81.4225
    deserialize: 2.5173, stack: 0.3812, obs_to_device_normalize: 22.2526, forward: 33.7636, send_messages: 4.3321
    prepare_outputs: 15.0713
      to_cpu: 11.0404[0m
[37m[1m[2026-08-31 11:20:22,324][1168660] Learner 0 profile tree view:
misc: 0.0022, prepare_batch: 5.3161
train: 13.4293
  epoch_init: 0.0020, minibatch_init: 0.0021, losses_postprocess: 0.2095, kl_divergence: 0.0872, after_optimizer: 5.1438
  calculate_losses: 5.0967
    losses_init: 0.0011, forward_head: 0.3207, bptt_initial: 3.8445, tail: 0.1750, advantages_returns: 0.0454, losses: 0.3554
    bptt: 0.3082
      bptt_forward_core: 0.2924
  update: 2.7709
    clip: 0.2531[0m
[37m[1m[2026-08-31 11:20:22,324][1168660] RolloutWorker_w0 profile tree view:
wait_for_trajectories: 0.0697, enqueue_policy_requests: 2.9094, env_step: 36.0304, overhead: 1.7491, complete_rollouts: 0.0958
save_policy_outputs: 3.3595
  split_output_tensors: 1.1546[0m
[37m[1m[2026-08-31 11:20:22,324][1168660] RolloutWorker_w7 profile tree view:
wait_for_trajectories: 0.0771, enqueue_policy_requests: 3.4484, env_step: 44.6908, overhead: 2.4316, complete_rollouts: 0.1032
save_policy_outputs: 4.5063
  split_output_tensors: 1.4434[0m
[36m[2026-08-31 11:20:22,339][1168660] Loop Runner_EvtLoop terminating...[0m
[37m[1m[2026-08-31 11:20:22,339][1168660] Runner profile tree view:
main_loop: 91.9578[0m
[37m[1m[2026-08-31 11:20:22,339][1168660] Collected {0: 4005888}, FPS: 43562.3[0m
[33m[2026-08-31 11:20:22,346][1168660] Loading existing experiment configuration from /home/libing/source/ml/rl/deep-rl-class/notebooks/results/unit8_part2/train_dir/doom_health_gathering_supreme/config.json[0m
[36m[2026-08-31 11:20:22,346][1168660] Overriding arg 'num_workers' with value 1 passed from command line[0m
[36m[2026-08-31 11:20:22,346][1168660] Adding new argument 'no_render'=True that is not in the saved config file![0m
[36m[2026-08-31 11:20:22,346][1168660] Adding new argument 'save_video'=True that is not in the saved config file![0m
[36m[2026-08-31 11:20:22,346][1168660] Adding new argument 'video_frames'=1000000000.0 that is not in the saved config file![0m
[36m[2026-08-31 11:20:22,346][1168660] Adding new argument 'video_name'=None that is not in the saved config file![0m
[36m[2026-08-31 11:20:22,346][1168660] Adding new argument 'max_num_frames'=1000000000.0 that is not in the saved config file![0m
[36m[2026-08-31 11:20:22,346][1168660] Adding new argument 'max_num_episodes'=10 that is not in the saved config file![0m
[36m[2026-08-31 11:20:22,346][1168660] Adding new argument 'push_to_hub'=False that is not in the saved config file![0m
[36m[2026-08-31 11:20:22,346][1168660] Adding new argument 'hf_repository'=None that is not in the saved config file![0m
[36m[2026-08-31 11:20:22,346][1168660] Adding new argument 'policy_index'=0 that is not in the saved config file![0m
[36m[2026-08-31 11:20:22,346][1168660] Adding new argument 'eval_deterministic'=False that is not in the saved config file![0m
[36m[2026-08-31 11:20:22,346][1168660] Adding new argument 'train_script'=None that is not in the saved config file![0m
[36m[2026-08-31 11:20:22,346][1168660] Adding new argument 'enjoy_script'=None that is not in the saved config file![0m
[36m[2026-08-31 11:20:22,346][1168660] Using frameskip 1 and render_action_repeat=4 for evaluation[0m
[36m[2026-08-31 11:20:22,355][1168660] Doom resolution: 160x120, resize resolution: (128, 72)[0m
[36m[2026-08-31 11:20:22,355][1168660] RunningMeanStd input shape: (3, 72, 128)[0m
[36m[2026-08-31 11:20:22,355][1168660] RunningMeanStd input shape: (1,)[0m
[36m[2026-08-31 11:20:22,363][1168660] ConvEncoder: input_channels=3[0m
[36m[2026-08-31 11:20:22,401][1168660] Conv encoder output size: 512[0m
[36m[2026-08-31 11:20:22,401][1168660] Policy head output size: 512[0m
[33m[2026-08-31 11:20:22,501][1168660] Loading state from checkpoint /home/libing/source/ml/rl/deep-rl-class/notebooks/results/unit8_part2/train_dir/doom_health_gathering_supreme/checkpoint_p0/checkpoint_000000978_4005888.pth...[0m
[31m[1m[2026-08-31 11:20:22,502][1168660] Could not load from checkpoint, attempt 0[0m
Traceback (most recent call last):
  File "/home/libing/.conda/envs/deep-rl-class/lib/python3.10/site-packages/sample_factory/algo/learning/learner.py", line 281, in load_checkpoint
    checkpoint_dict = torch.load(latest_checkpoint, map_location=device)
  File "/home/libing/.conda/envs/deep-rl-class/lib/python3.10/site-packages/torch/serialization.py", line 1529, in load
    raise pickle.UnpicklingError(_get_wo_message(str(e))) from None
_pickle.UnpicklingError: Weights only load failed. This file can still be loaded, to do so you have two options, [1mdo those steps only if you trust the source of the checkpoint[0m. 
	(1) In PyTorch 2.6, we changed the default value of the `weights_only` argument in `torch.load` from `False` to `True`. Re-running `torch.load` with `weights_only` set to `False` will likely succeed, but it can result in arbitrary code execution. Do it only if you got the file from a trusted source.
	(2) Alternatively, to load with `weights_only=True` please check the recommended steps in the following error message.
	WeightsUnpickler error: Unsupported global: GLOBAL numpy.core.multiarray.scalar was not an allowed global by default. Please use `torch.serialization.add_safe_globals([numpy.core.multiarray.scalar])` or the `torch.serialization.safe_globals([numpy.core.multiarray.scalar])` context manager to allowlist this global if you trust this class/function.

Check the documentation of torch.load to learn more about types accepted by default with weights_only https://pytorch.org/docs/stable/generated/torch.load.html.
[33m[2026-08-31 11:20:22,504][1168660] Loading state from checkpoint /home/libing/source/ml/rl/deep-rl-class/notebooks/results/unit8_part2/train_dir/doom_health_gathering_supreme/checkpoint_p0/checkpoint_000000978_4005888.pth...[0m
[31m[1m[2026-08-31 11:20:22,504][1168660] Could not load from checkpoint, attempt 1[0m
Traceback (most recent call last):
  File "/home/libing/.conda/envs/deep-rl-class/lib/python3.10/site-packages/sample_factory/algo/learning/learner.py", line 281, in load_checkpoint
    checkpoint_dict = torch.load(latest_checkpoint, map_location=device)
  File "/home/libing/.conda/envs/deep-rl-class/lib/python3.10/site-packages/torch/serialization.py", line 1529, in load
    raise pickle.UnpicklingError(_get_wo_message(str(e))) from None
_pickle.UnpicklingError: Weights only load failed. This file can still be loaded, to do so you have two options, [1mdo those steps only if you trust the source of the checkpoint[0m. 
	(1) In PyTorch 2.6, we changed the default value of the `weights_only` argument in `torch.load` from `False` to `True`. Re-running `torch.load` with `weights_only` set to `False` will likely succeed, but it can result in arbitrary code execution. Do it only if you got the file from a trusted source.
	(2) Alternatively, to load with `weights_only=True` please check the recommended steps in the following error message.
	WeightsUnpickler error: Unsupported global: GLOBAL numpy.core.multiarray.scalar was not an allowed global by default. Please use `torch.serialization.add_safe_globals([numpy.core.multiarray.scalar])` or the `torch.serialization.safe_globals([numpy.core.multiarray.scalar])` context manager to allowlist this global if you trust this class/function.

Check the documentation of torch.load to learn more about types accepted by default with weights_only https://pytorch.org/docs/stable/generated/torch.load.html.
[33m[2026-08-31 11:20:22,504][1168660] Loading state from checkpoint /home/libing/source/ml/rl/deep-rl-class/notebooks/results/unit8_part2/train_dir/doom_health_gathering_supreme/checkpoint_p0/checkpoint_000000978_4005888.pth...[0m
[31m[1m[2026-08-31 11:20:22,504][1168660] Could not load from checkpoint, attempt 2[0m
Traceback (most recent call last):
  File "/home/libing/.conda/envs/deep-rl-class/lib/python3.10/site-packages/sample_factory/algo/learning/learner.py", line 281, in load_checkpoint
    checkpoint_dict = torch.load(latest_checkpoint, map_location=device)
  File "/home/libing/.conda/envs/deep-rl-class/lib/python3.10/site-packages/torch/serialization.py", line 1529, in load
    raise pickle.UnpicklingError(_get_wo_message(str(e))) from None
_pickle.UnpicklingError: Weights only load failed. This file can still be loaded, to do so you have two options, [1mdo those steps only if you trust the source of the checkpoint[0m. 
	(1) In PyTorch 2.6, we changed the default value of the `weights_only` argument in `torch.load` from `False` to `True`. Re-running `torch.load` with `weights_only` set to `False` will likely succeed, but it can result in arbitrary code execution. Do it only if you got the file from a trusted source.
	(2) Alternatively, to load with `weights_only=True` please check the recommended steps in the following error message.
	WeightsUnpickler error: Unsupported global: GLOBAL numpy.core.multiarray.scalar was not an allowed global by default. Please use `torch.serialization.add_safe_globals([numpy.core.multiarray.scalar])` or the `torch.serialization.safe_globals([numpy.core.multiarray.scalar])` context manager to allowlist this global if you trust this class/function.

Check the documentation of torch.load to learn more about types accepted by default with weights_only https://pytorch.org/docs/stable/generated/torch.load.html.
Traceback (most recent call last):
  File "/home/libing/source/ml/rl/deep-rl-class/notebooks/runners/run_unit8_part2.py", line 92, in <module>
    main()
  File "/home/libing/source/ml/rl/deep-rl-class/notebooks/runners/run_unit8_part2.py", line 75, in main
    enjoy_status = enjoy(cfg_eval)
  File "/home/libing/.conda/envs/deep-rl-class/lib/python3.10/site-packages/sample_factory/enjoy.py", line 125, in enjoy
    actor_critic.load_state_dict(checkpoint_dict["model"])
TypeError: 'NoneType' object is not subscriptable
